17:38:31 **** Incremental Build of configuration Debug for project b5_timer-pwm ****
make -j12 all 
arm-none-eabi-gcc "../Core/Src/main.c" -mcpu=cortex-m3 -std=gnu11 -g3 -DDEBUG -DUSE_HAL_DRIVER -DSTM32F103xB -c -I../Core/Inc -I../Drivers/STM32F1xx_HAL_Driver/Inc/Legacy -I../Drivers/STM32F1xx_HAL_Driver/Inc -I../Drivers/CMSIS/Device/ST/STM32F1xx/Include -I../Drivers/CMSIS/Include -O0 -ffunction-sections -fdata-sections -Wall -fstack-usage -fcyclomatic-complexity -MMD -MP -MF"Core/Src/main.d" -MT"Core/Src/main.o" --specs=nano.specs -mfloat-abi=soft -mthumb -o "Core/Src/main.o"
arm-none-eabi-gcc -o "b5_timer-pwm.elf" @"objects.list"   -mcpu=cortex-m3 -T"D:\STM32CubeIDE\workspace_1.15.1\b5_timer-pwm\STM32F103C8TX_FLASH.ld" --specs=nosys.specs -Wl,-Map="b5_timer-pwm.map" -Wl,--gc-sections -static --specs=nano.specs -mfloat-abi=soft -mthumb -Wl,--start-group -lc -lm -Wl,--end-group
Finished building target: b5_timer-pwm.elf
 
arm-none-eabi-size  b5_timer-pwm.elf 
arm-none-eabi-objdump -h -S b5_timer-pwm.elf  > "b5_timer-pwm.list"
   text	   data	    bss	    dec	    hex	filename
   7872	     12	   1644	   9528	   2538	b5_timer-pwm.elf
arm-none-eabi-objcopy  -O ihex b5_timer-pwm.elf  "b5_timer-pwm.hex"
Finished building: default.size.stdout
arm-none-eabi-objcopy  -O binary b5_timer-pwm.elf  "b5_timer-pwm.bin"
 
Finished building: b5_timer-pwm.hex
Finished building: b5_timer-pwm.bin
 
 
Finished building: b5_timer-pwm.list
 

17:38:32 Build Finished. 0 errors, 0 warnings. (took 1s.23ms)

