16:48:05 **** Incremental Build of configuration Debug for project b7_USART ****
make -j12 all 
arm-none-eabi-gcc "../Core/Src/main.c" -mcpu=cortex-m3 -std=gnu11 -g3 -DDEBUG -DUSE_HAL_DRIVER -DSTM32F103xB -c -I../Core/Inc -I../Drivers/STM32F1xx_HAL_Driver/Inc/Legacy -I../Drivers/STM32F1xx_HAL_Driver/Inc -I../Drivers/CMSIS/Device/ST/STM32F1xx/Include -I../Drivers/CMSIS/Include -O0 -ffunction-sections -fdata-sections -Wall -fstack-usage -fcyclomatic-complexity -MMD -MP -MF"Core/Src/main.d" -MT"Core/Src/main.o" --specs=nano.specs -mfloat-abi=soft -mthumb -o "Core/Src/main.o"
../Core/Src/main.c: In function 'main':
../Core/Src/main.c:111:11: warning: implicit declaration of function 'sprintf' [-Wimplicit-function-declaration]
  111 |           sprintf(MSG, "abcdef X = %d\r\n", X);
      |           ^~~~~~~
../Core/Src/main.c:21:1: note: include '<stdio.h>' or provide a declaration of 'sprintf'
   20 | #include "main.h"
  +++ |+#include <stdio.h>
   21 | 
../Core/Src/main.c:111:11: warning: incompatible implicit declaration of built-in function 'sprintf' [-Wbuiltin-declaration-mismatch]
  111 |           sprintf(MSG, "abcdef X = %d\r\n", X);
      |           ^~~~~~~
../Core/Src/main.c:111:11: note: include '<stdio.h>' or provide a declaration of 'sprintf'
../Core/Src/main.c:111:19: warning: pointer targets in passing argument 1 of 'sprintf' differ in signedness [-Wpointer-sign]
  111 |           sprintf(MSG, "abcdef X = %d\r\n", X);
      |                   ^~~
      |                   |
      |                   uint8_t * {aka unsigned char *}
../Core/Src/main.c:111:19: note: expected 'char *' but argument is of type 'uint8_t *' {aka 'unsigned char *'}
arm-none-eabi-gcc -o "b7_USART.elf" @"objects.list"   -mcpu=cortex-m3 -T"D:\STM32CubeIDE\workspace_1.15.1\b7_USART\STM32F103C8TX_FLASH.ld" --specs=nosys.specs -Wl,-Map="b7_USART.map" -Wl,--gc-sections -static --specs=nano.specs -mfloat-abi=soft -mthumb -Wl,--start-group -lc -lm -Wl,--end-group
Finished building target: b7_USART.elf
 
arm-none-eabi-size  b7_USART.elf 
arm-none-eabi-objdump -h -S b7_USART.elf  > "b7_USART.list"
   text	   data	    bss	    dec	    hex	filename
  10944	     92	   1972	  13008	   32d0	b7_USART.elf
arm-none-eabi-objcopy  -O ihex b7_USART.elf  "b7_USART.hex"
arm-none-eabi-objcopy  -O binary b7_USART.elf  "b7_USART.bin"
Finished building: default.size.stdout
 
Finished building: b7_USART.hex
Finished building: b7_USART.bin
 
 
Finished building: b7_USART.list
 

16:48:06 Build Finished. 0 errors, 3 warnings. (took 1s.37ms)

